
$ ls


$ git clone https://github.com/SerendpityZOEY/Exdata-Course-Project-1.git
Cloning into 'ExData_Plotting1'...
remote: Counting objects: 13, done.
remote: Total 13 (delta 0), reused 0 (delta 0), pack-reused 13
Unpacking objects: 100% (13/13), done.
Checking connectivity... done.


$ ls
ExData_Plotting1


$ cd ExData_Plotting1/

 ~/GitRepos/ExData_Plotting1 (master)
$ ls
README.md  figure

 ~/GitRepos/ExData_Plotting1 (master)
$ git status
On branch master
Your branch is up-to-date with 'origin/master'.

nothing to commit, working directory clean


Karl@WIN8HOME ~/GitRepos/ExData_Plotting1 (master)
$ ls
README.md  plot1.R    plot2.R    plot3.R    plot4.R
figure     plot1.png  plot2.png  plot3.png  plot4.png

Karl@WIN8HOME ~/GitRepos/ExData_Plotting1 (master)
$ git status
On branch master
Your branch is up-to-date with 'origin/master'.

Untracked files:
  (use "git add <file>..." to include in what will be committed)

        plot1.R
        plot1.png
        plot2.R
        plot2.png
        plot3.R
        plot3.png
        plot4.R
        plot4.png

nothing added to commit but untracked files present (use "git add" to track)

Karl@WIN8HOME ~/GitRepos/ExData_Plotting1 (master)
$ git add plot[1-4].R plot[1-4].png

Karl@WIN8HOME ~/GitRepos/ExData_Plotting1 (master)
$ git status
On branch master
Your branch is up-to-date with 'origin/master'.

Changes to be committed:
  (use "git reset HEAD <file>..." to unstage)

        new file:   plot1.R
        new file:   plot1.png
        new file:   plot2.R
        new file:   plot2.png
        new file:   plot3.R
        new file:   plot3.png
        new file:   plot4.R
        new file:   plot4.png


Karl@WIN8HOME ~/GitRepos/ExData_Plotting1 (master)
$ git commit -m "initial versions"
[master 9caaa9c] initial versions
 8 files changed, 200 insertions(+)
 create mode 100644 plot1.R
 create mode 100644 plot1.png
 create mode 100644 plot2.R
 create mode 100644 plot2.png
 create mode 100644 plot3.R
 create mode 100644 plot3.png
 create mode 100644 plot4.R
 create mode 100644 plot4.png

Karl@WIN8HOME ~/GitRepos/ExData_Plotting1 (master)
$ git push origin master
Username for 'https://github.com': YourUserName
Password for 'https://YourUserName@github.com':
Counting objects: 11, done.
Delta compression using up to 4 threads.
Compressing objects: 100% (10/10), done.
Writing objects: 100% (10/10), 17.84 KiB | 0 bytes/s, done.
Total 10 (delta 3), reused 0 (delta 0)
To https://github.com/YourUserName/ExData_Plotting1.git
   73fe5c6..9caaa9c  master -> master

Karl@WIN8HOME ~/GitRepos/ExData_Plotting1 (master)
$ git status
On branch master
Your branch is up-to-date with 'origin/master'.

nothing to commit, working directory clean
